// Jest Snapshot v1, https://goo.gl/fbAQLP

exports[`CustomModal should render the basic template 1`] = `
<div>
  <div
    class="market-page-customization-section"
  />
</div>
`;
