// Jest Snapshot v1, https://goo.gl/fbAQLP

exports[`BasketDrawer should render the basic template 1`] = `
<div>
  <div
    class="basket-drawer"
  >
    <div
      class="ant-space ant-space-horizontal ant-space-align-center"
    >
      <div
        class="ant-space-item"
      >
        <div
          class="custom-button-on-mobile"
        >
          <button
            class="ant-btn ant-btn-primary"
            type="button"
          >
            <span>
              Order's details
            </span>
          </button>
        </div>
      </div>
    </div>
  </div>
</div>
`;
