// Jest Snapshot v1, https://goo.gl/fbAQLP

exports[`BasketItem should render the basic template 1`] = `
<div>
  <div
    class=" basket-item global-flex-h-between-v-center"
  >
    <div
      class="basket-item__details"
    >
      <div
        class="basket-item__details__name product-name"
      />
      <div
        class="basket-item__details__price-details product-price"
      >
        <span
          class="basket-item__details__price-details__unit product-price__unit"
        >
          $
        </span>
        <span
          class="basket-item__details__price-details__price product-price__price"
        >
          0
        </span>
      </div>
    </div>
    <div
      class="basket-item__quantity-details global-flex-h-between-v-center"
    >
      <button
        class="basket-item__quantity-details__increment-btn global-flex-h-center-v-center"
      >
        +
      </button>
      <div
        class="basket-item__quantity-details__quantity global-flex-h-center-v-center"
      >
        1
      </div>
      <button
        class="basket-item__quantity-details__decrement-btn global-flex-h-center-v-center"
      >
        -
      </button>
    </div>
  </div>
</div>
`;
