// Jest Snapshot v1, https://goo.gl/fbAQLP

exports[`Market Page Customization Section should render the basic template 1`] = `
<div>
  <div
    class="market-page-customization-section "
  >
    <div
      class="sorting-section "
    >
      <div
        class="sorting-component "
      >
        <div
          class="section-block-header"
        >
          Sorting
        </div>
        <div
          class="sorting-component__data section-block box global-scroll"
        >
          <div>
            <div
              class="ant-radio-group ant-radio-group-outline"
            >
              <div
                class="ant-space ant-space-vertical"
              >
                <div
                  class="ant-space-item"
                  style="margin-bottom: 8px;"
                >
                  <label
                    class="ant-radio-wrapper"
                  >
                    <span
                      class="ant-radio"
                    >
                      <input
                        class="ant-radio-input"
                        type="radio"
                        value="0"
                      />
                      <span
                        class="ant-radio-inner"
                      />
                    </span>
                    <span>
                      Price low to high
                    </span>
                  </label>
                </div>
                <div
                  class="ant-space-item"
                  style="margin-bottom: 8px;"
                >
                  <label
                    class="ant-radio-wrapper"
                  >
                    <span
                      class="ant-radio"
                    >
                      <input
                        class="ant-radio-input"
                        type="radio"
                        value="1"
                      />
                      <span
                        class="ant-radio-inner"
                      />
                    </span>
                    <span>
                      Price high to low
                    </span>
                  </label>
                </div>
                <div
                  class="ant-space-item"
                  style="margin-bottom: 8px;"
                >
                  <label
                    class="ant-radio-wrapper"
                  >
                    <span
                      class="ant-radio"
                    >
                      <input
                        class="ant-radio-input"
                        type="radio"
                        value="2"
                      />
                      <span
                        class="ant-radio-inner"
                      />
                    </span>
                    <span>
                      New to old
                    </span>
                  </label>
                </div>
                <div
                  class="ant-space-item"
                >
                  <label
                    class="ant-radio-wrapper"
                  >
                    <span
                      class="ant-radio"
                    >
                      <input
                        class="ant-radio-input"
                        type="radio"
                        value="3"
                      />
                      <span
                        class="ant-radio-inner"
                      />
                    </span>
                    <span>
                      Old to new
                    </span>
                  </label>
                </div>
              </div>
            </div>
          </div>
        </div>
      </div>
    </div>
    <div
      class="filter-section "
    >
       
      <div>
        <div
          class="filter-component "
        >
          <div
            class="section-block-header"
          >
            Brands
          </div>
          <div
            class="filter-component__data section-block"
          >
            <div>
              <div
                class="filter-component_search-bar-container"
              >
                <input
                  class="ant-input filter-component_search-bar-container__search-bar"
                  placeholder="search Brands"
                  type="text"
                  value=""
                />
              </div>
              <div
                class="ant-empty ant-empty-normal"
              >
                <div
                  class="ant-empty-image"
                >
                  <svg
                    class="ant-empty-img-simple"
                    height="41"
                    viewBox="0 0 64 41"
                    width="64"
                    xmlns="http://www.w3.org/2000/svg"
                  >
                    <g
                      fill="none"
                      fill-rule="evenodd"
                      transform="translate(0 1)"
                    >
                      <ellipse
                        class="ant-empty-img-simple-ellipse"
                        cx="32"
                        cy="33"
                        rx="32"
                        ry="7"
                      />
                      <g
                        class="ant-empty-img-simple-g"
                        fill-rule="nonzero"
                      >
                        <path
                          d="M55 12.76L44.854 1.258C44.367.474 43.656 0 42.907 0H21.093c-.749 0-1.46.474-1.947 1.257L9 12.761V22h46v-9.24z"
                        />
                        <path
                          class="ant-empty-img-simple-path"
                          d="M41.613 15.931c0-1.605.994-2.93 2.227-2.931H55v18.137C55 33.26 53.68 35 52.05 35h-40.1C10.32 35 9 33.259 9 31.137V13h11.16c1.233 0 2.227 1.323 2.227 2.928v.022c0 1.605 1.005 2.901 2.237 2.901h14.752c1.232 0 2.237-1.308 2.237-2.913v-.007z"
                        />
                      </g>
                    </g>
                  </svg>
                </div>
                <div
                  class="ant-empty-description"
                >
                  No data
                </div>
              </div>
            </div>
          </div>
        </div>
        <div
          class="filter-component "
        >
          <div
            class="section-block-header"
          >
            Tags
          </div>
          <div
            class="filter-component__data section-block"
          >
            <div>
              <div
                class="filter-component_search-bar-container"
              >
                <input
                  class="ant-input filter-component_search-bar-container__search-bar"
                  placeholder="search Tags"
                  type="text"
                  value=""
                />
              </div>
              <div
                class="ant-empty ant-empty-normal"
              >
                <div
                  class="ant-empty-image"
                >
                  <svg
                    class="ant-empty-img-simple"
                    height="41"
                    viewBox="0 0 64 41"
                    width="64"
                    xmlns="http://www.w3.org/2000/svg"
                  >
                    <g
                      fill="none"
                      fill-rule="evenodd"
                      transform="translate(0 1)"
                    >
                      <ellipse
                        class="ant-empty-img-simple-ellipse"
                        cx="32"
                        cy="33"
                        rx="32"
                        ry="7"
                      />
                      <g
                        class="ant-empty-img-simple-g"
                        fill-rule="nonzero"
                      >
                        <path
                          d="M55 12.76L44.854 1.258C44.367.474 43.656 0 42.907 0H21.093c-.749 0-1.46.474-1.947 1.257L9 12.761V22h46v-9.24z"
                        />
                        <path
                          class="ant-empty-img-simple-path"
                          d="M41.613 15.931c0-1.605.994-2.93 2.227-2.931H55v18.137C55 33.26 53.68 35 52.05 35h-40.1C10.32 35 9 33.259 9 31.137V13h11.16c1.233 0 2.227 1.323 2.227 2.928v.022c0 1.605 1.005 2.901 2.237 2.901h14.752c1.232 0 2.237-1.308 2.237-2.913v-.007z"
                        />
                      </g>
                    </g>
                  </svg>
                </div>
                <div
                  class="ant-empty-description"
                >
                  No data
                </div>
              </div>
            </div>
          </div>
        </div>
      </div>
       
    </div>
  </div>
</div>
`;
